2026-08-31 23:22:45  程序启动。耳机=耳机 (Realtek(R) Audio)，扬声器=扬声器 (Realtek(R) Audio)，轮询间隔=2000ms，进程=VALORANT-Win64-Shipping.exe;VALORANT.exe;ABInfinite-Win64-Shipping.exe;ABInfinite.exe
2026-09-01 12:09:37  程序启动。耳机=耳机 (Realtek(R) Audio)，扬声器=扬声器 (Realtek(R) Audio)，轮询间隔=2000ms，进程=VALORANT-Win64-Shipping.exe;VALORANT.exe;ABInfinite-Win64-Shipping.exe;ABInfinite.exe
2026-09-02 11:49:54  程序启动。耳机=耳机 (Realtek(R) Audio)，扬声器=扬声器 (Realtek(R) Audio)，轮询间隔=2000ms，进程=VALORANT-Win64-Shipping.exe;VALORANT.exe;UAGame.exe;ABInfinite-Win64-Shipping.exe;ABInfinite.exe
2026-09-02 13:11:50  程序启动。耳机=耳机 (Realtek(R) Audio)，扬声器=扬声器 (Realtek(R) Audio)，轮询间隔=2000ms，进程=VALORANT-Win64-Shipping.exe;VALORANT.exe;UAGame.exe;ABInfinite-Win64-Shipping.exe;ABInfinite.exe，快捷键=Ctrl+Alt+H
2026-09-02 13:11:50  快捷键已注册：Ctrl+Alt+H
2026-09-02 13:17:14  程序启动。耳机=耳机 (Realtek(R) Audio)，扬声器=扬声器 (Realtek(R) Audio)，轮询间隔=2000ms，进程=VALORANT-Win64-Shipping.exe;VALORANT.exe;UAGame.exe;ABInfinite-Win64-Shipping.exe;ABInfinite.exe，快捷键=Ctrl+Alt+H
2026-09-02 13:17:14  快捷键已注册：Ctrl+Alt+H
2026-09-02 13:17:41  快捷键已注册：Ctrl+Alt+Z
2026-09-02 13:17:41  用户修改快捷键为：Ctrl+Alt+Z
2026-09-02 13:17:44  快捷键切换输出设备：已切换输出设备到「耳机 (Realtek(R) Audio)」
2026-09-02 13:17:45  快捷键切换输出设备：已切换输出设备到「扬声器 (Realtek(R) Audio)」
2026-09-02 13:21:31  程序退出。
2026-09-02 13:37:25  程序启动。耳机=耳机 (Realtek(R) Audio)，扬声器=扬声器 (Realtek(R) Audio)，轮询间隔=2000ms，进程=VALORANT-Win64-Shipping.exe;VALORANT.exe;UAGame.exe;ABInfinite-Win64-Shipping.exe;ABInfinite.exe，快捷键=Ctrl+Alt+Z
2026-09-02 13:37:25  快捷键已注册：Ctrl+Alt+Z
2026-09-02 13:37:54  快捷键切换输出设备：已切换输出设备到「耳机 (Realtek(R) Audio)」
2026-09-02 13:37:54  快捷键切换输出设备：已切换输出设备到「扬声器 (Realtek(R) Audio)」
2026-09-02 13:37:56  快捷键切换输出设备：已切换输出设备到「耳机 (Realtek(R) Audio)」
2026-09-02 13:37:56  快捷键切换输出设备：已切换输出设备到「扬声器 (Realtek(R) Audio)」
2026-09-02 13:37:57  快捷键切换输出设备：已切换输出设备到「耳机 (Realtek(R) Audio)」
2026-09-02 13:37:57  快捷键切换输出设备：已切换输出设备到「扬声器 (Realtek(R) Audio)」
2026-09-02 13:37:57  快捷键切换输出设备：已切换输出设备到「耳机 (Realtek(R) Audio)」
2026-09-02 13:37:58  快捷键切换输出设备：已切换输出设备到「扬声器 (Realtek(R) Audio)」
2026-09-02 13:37:58  快捷键切换输出设备：已切换输出设备到「耳机 (Realtek(R) Audio)」
2026-09-02 13:37:58  快捷键切换输出设备：已切换输出设备到「扬声器 (Realtek(R) Audio)」
2026-09-02 15:14:29  检测到游戏启动，已切换输出到「耳机 (Realtek(R) Audio)」
2026-09-02 17:16:57  游戏已关闭，已恢复输出到「扬声器 (Realtek(R) Audio)」
2026-09-02 18:17:24  检测到游戏启动，已切换输出到「耳机 (Realtek(R) Audio)」
2026-09-02 18:35:47  游戏已关闭，已恢复输出到「扬声器 (Realtek(R) Audio)」
2026-09-02 18:36:13  检测到游戏启动，已切换输出到「耳机 (Realtek(R) Audio)」
2026-09-02 19:06:56  游戏已关闭，已恢复输出到「扬声器 (Realtek(R) Audio)」
2026-09-02 19:08:13  检测到游戏启动，已切换输出到「耳机 (Realtek(R) Audio)」
2026-09-02 21:25:51  游戏已关闭，已恢复输出到「扬声器 (Realtek(R) Audio)」
2026-09-02 21:34:39  快捷键切换输出设备：已切换输出设备到「耳机 (Realtek(R) Audio)」
2026-09-02 21:36:46  快捷键切换输出设备：已切换输出设备到「扬声器 (Realtek(R) Audio)」
2026-09-02 21:41:13  快捷键切换输出设备：已切换输出设备到「耳机 (Realtek(R) Audio)」
2026-09-02 23:14:19  快捷键切换输出设备：已切换输出设备到「扬声器 (Realtek(R) Audio)」
2026-09-02 23:21:44  程序退出。
2026-09-03 15:43:53  程序启动。耳机=耳机 (Realtek(R) Audio)，扬声器=扬声器 (Realtek(R) Audio)，轮询间隔=2000ms，进程=VALORANT-Win64-Shipping.exe;VALORANT.exe;UAGame.exe;ABInfinite-Win64-Shipping.exe;ABInfinite.exe，快捷键=Ctrl+Alt+Z
2026-09-03 15:43:53  快捷键已注册：Ctrl+Alt+Z
2026-09-03 15:47:20  检测到游戏启动，已切换输出到「耳机 (Realtek(R) Audio)」
2026-09-03 17:13:33  游戏已关闭，已恢复输出到「扬声器 (Realtek(R) Audio)」
2026-09-03 18:04:16  检测到游戏启动，已切换输出到「耳机 (Realtek(R) Audio)」
2026-09-03 18:23:57  游戏已关闭，已恢复输出到「扬声器 (Realtek(R) Audio)」
2026-09-03 18:46:31  检测到游戏启动，已切换输出到「耳机 (Realtek(R) Audio)」
2026-09-03 19:29:08  游戏已关闭，已恢复输出到「扬声器 (Realtek(R) Audio)」
2026-09-03 20:21:50  快捷键切换输出设备：已切换输出设备到「耳机 (Realtek(R) Audio)」
2026-09-03 20:59:41  检测到游戏启动，当前输出已是「耳机 (Realtek(R) Audio)」
2026-09-03 22:15:58  游戏已关闭，已恢复输出到「扬声器 (Realtek(R) Audio)」
2026-09-04 11:27:43  程序启动。耳机=耳机 (Realtek(R) Audio)，扬声器=扬声器 (Realtek(R) Audio)，轮询间隔=2000ms，进程=VALORANT-Win64-Shipping.exe;VALORANT.exe;UAGame.exe;ABInfinite-Win64-Shipping.exe;ABInfinite.exe，快捷键=Ctrl+Alt+Z
2026-09-04 11:27:43  快捷键已注册：Ctrl+Alt+Z
2026-09-04 12:53:55  检测到游戏启动，已切换输出到「耳机 (Realtek(R) Audio)」
2026-09-04 12:55:47  游戏已关闭，已恢复输出到「扬声器 (Realtek(R) Audio)」
2026-09-04 12:56:20  检测到游戏启动，已切换输出到「耳机 (Realtek(R) Audio)」
2026-09-04 17:45:31  游戏已关闭，已恢复输出到「扬声器 (Realtek(R) Audio)」
2026-09-04 18:22:30  检测到游戏启动，已切换输出到「耳机 (Realtek(R) Audio)」
2026-09-04 19:41:00  游戏已关闭，已恢复输出到「扬声器 (Realtek(R) Audio)」
2026-09-04 19:47:29  快捷键切换输出设备：已切换输出设备到「扬声器 (Realtek(R) Audio)」
2026-09-04 19:48:36  快捷键切换输出设备：已切换输出设备到「耳机 (Realtek(R) Audio)」
2026-09-04 19:56:51  快捷键切换输出设备：已切换输出设备到「扬声器 (Realtek(R) Audio)」
2026-09-04 20:00:06  快捷键切换输出设备：已切换输出设备到「耳机 (Realtek(R) Audio)」
2026-09-04 20:08:41  快捷键切换输出设备：已切换输出设备到「扬声器 (Realtek(R) Audio)」
2026-09-05 11:01:17  程序启动。耳机=耳机 (Realtek(R) Audio)，扬声器=扬声器 (Realtek(R) Audio)，轮询间隔=2000ms，进程=VALORANT-Win64-Shipping.exe;VALORANT.exe;UAGame.exe;ABInfinite-Win64-Shipping.exe;ABInfinite.exe，快捷键=Ctrl+Alt+Z
2026-09-05 11:01:17  快捷键已注册：Ctrl+Alt+Z
2026-09-05 12:35:20  检测到游戏启动，已切换输出到「耳机 (Realtek(R) Audio)」
2026-09-05 15:29:39  游戏已关闭，已恢复输出到「扬声器 (Realtek(R) Audio)」
2026-09-05 15:40:17  快捷键切换输出设备：已切换输出设备到「耳机 (Realtek(R) Audio)」
2026-09-05 18:55:10  快捷键切换输出设备：已切换输出设备到「扬声器 (Realtek(R) Audio)」
2026-09-05 20:24:03  快捷键切换输出设备：已切换输出设备到「耳机 (Realtek(R) Audio)」
2026-09-06 12:18:30  程序启动。耳机=耳机 (Realtek(R) Audio)，扬声器=扬声器 (Realtek(R) Audio)，轮询间隔=2000ms，进程=VALORANT-Win64-Shipping.exe;VALORANT.exe;UAGame.exe;ABInfinite-Win64-Shipping.exe;ABInfinite.exe，快捷键=Ctrl+Alt+Z
2026-09-06 12:18:30  快捷键已注册：Ctrl+Alt+Z
2026-09-06 15:27:49  检测到游戏启动，已切换输出到「耳机 (Realtek(R) Audio)」
2026-09-06 15:30:43  游戏已关闭，已恢复输出到「扬声器 (Realtek(R) Audio)」
2026-09-06 15:30:45  检测到游戏启动，已切换输出到「耳机 (Realtek(R) Audio)」
2026-09-06 15:31:34  游戏已关闭，已恢复输出到「扬声器 (Realtek(R) Audio)」
2026-09-06 15:31:40  检测到游戏启动，已切换输出到「耳机 (Realtek(R) Audio)」
2026-09-06 16:33:14  游戏已关闭，已恢复输出到「扬声器 (Realtek(R) Audio)」
2026-09-06 19:36:35  快捷键切换输出设备：已切换输出设备到「耳机 (Realtek(R) Audio)」
2026-09-07 12:47:16  程序启动。耳机=耳机 (Realtek(R) Audio)，扬声器=扬声器 (Realtek(R) Audio)，轮询间隔=2000ms，进程=VALORANT-Win64-Shipping.exe;VALORANT.exe;UAGame.exe;ABInfinite-Win64-Shipping.exe;ABInfinite.exe，快捷键=Ctrl+Alt+Z
2026-09-07 12:47:17  快捷键已注册：Ctrl+Alt+Z
2026-09-07 19:35:09  快捷键切换输出设备：已切换输出设备到「耳机 (Realtek(R) Audio)」
2026-09-07 22:47:54  程序退出。
2026-09-08 12:55:25  程序启动。耳机=耳机 (Realtek(R) Audio)，扬声器=扬声器 (Realtek(R) Audio)，轮询间隔=2000ms，进程=VALORANT-Win64-Shipping.exe;VALORANT.exe;UAGame.exe;ABInfinite-Win64-Shipping.exe;ABInfinite.exe，快捷键=Ctrl+Alt+Z
2026-09-08 12:55:25  快捷键已注册：Ctrl+Alt+Z
2026-09-08 15:37:08  检测到游戏启动，已切换输出到「耳机 (Realtek(R) Audio)」
2026-09-08 17:08:12  游戏已关闭，已恢复输出到「扬声器 (Realtek(R) Audio)」
2026-09-09 09:33:49  程序启动。耳机=耳机 (Realtek(R) Audio)，扬声器=扬声器 (Realtek(R) Audio)，轮询间隔=2000ms，进程=VALORANT-Win64-Shipping.exe;VALORANT.exe;UAGame.exe;ABInfinite-Win64-Shipping.exe;ABInfinite.exe，快捷键=Ctrl+Alt+Z
2026-09-09 09:33:50  快捷键已注册：Ctrl+Alt+Z
2026-09-09 09:34:26  手动切换输出设备：已切换输出设备到「耳机 (Realtek(R) Audio)」
2026-09-09 09:34:35  快捷键切换输出设备：已切换输出设备到「扬声器 (Realtek(R) Audio)」
2026-09-09 14:47:04  检测到游戏启动，已切换输出到「耳机 (Realtek(R) Audio)」
2026-09-09 14:56:13  游戏已关闭，已恢复输出到「扬声器 (Realtek(R) Audio)」
2026-09-09 14:56:19  检测到游戏启动，已切换输出到「耳机 (Realtek(R) Audio)」
2026-09-09 16:54:23  游戏已关闭，已恢复输出到「扬声器 (Realtek(R) Audio)」
2026-09-09 17:04:39  快捷键切换输出设备：已切换输出设备到「扬声器 (Realtek(R) Audio)」
2026-09-09 21:18:58  检测到游戏启动，已切换输出到「耳机 (Realtek(R) Audio)」
2026-09-09 21:27:42  游戏已关闭，已恢复输出到「扬声器 (Realtek(R) Audio)」
2026-09-10 11:09:54  程序启动。耳机=耳机 (Realtek(R) Audio)，扬声器=扬声器 (Realtek(R) Audio)，轮询间隔=2000ms，进程=VALORANT-Win64-Shipping.exe;VALORANT.exe;UAGame.exe;ABInfinite-Win64-Shipping.exe;ABInfinite.exe，快捷键=Ctrl+Alt+Z
2026-09-10 11:09:54  快捷键已注册：Ctrl+Alt+Z
2026-09-10 15:29:27  检测到游戏启动，已切换输出到「耳机 (Realtek(R) Audio)」
2026-09-10 16:51:44  游戏已关闭，已恢复输出到「扬声器 (Realtek(R) Audio)」
2026-09-10 18:49:23  快捷键切换输出设备：已切换输出设备到「耳机 (Realtek(R) Audio)」
2026-09-11 12:42:48  程序启动。耳机=耳机 (Realtek(R) Audio)，扬声器=扬声器 (Realtek(R) Audio)，轮询间隔=2000ms，进程=VALORANT-Win64-Shipping.exe;VALORANT.exe;UAGame.exe;ABInfinite-Win64-Shipping.exe;ABInfinite.exe，快捷键=Ctrl+Alt+Z
2026-09-11 12:42:49  快捷键已注册：Ctrl+Alt+Z
2026-09-11 12:45:48  快捷键切换输出设备：已切换输出设备到「扬声器 (Realtek(R) Audio)」
2026-09-11 18:22:56  程序启动。耳机=耳机 (Realtek(R) Audio)，扬声器=扬声器 (Realtek(R) Audio)，轮询间隔=2000ms，进程=VALORANT-Win64-Shipping.exe;VALORANT.exe;UAGame.exe;ABInfinite-Win64-Shipping.exe;ABInfinite.exe，快捷键=Ctrl+Alt+Z
2026-09-11 18:22:56  快捷键已注册：Ctrl+Alt+Z
2026-09-11 18:28:11  快捷键切换输出设备：切换失败：目标设备「耳机 (Realtek(R) Audio)」不可用或未找到
2026-09-11 18:28:14  快捷键切换输出设备：切换失败：目标设备「耳机 (Realtek(R) Audio)」不可用或未找到
2026-09-11 18:28:28  快捷键已注册：Ctrl+Alt+Z
2026-09-11 18:28:28  用户修改快捷键为：Ctrl+Alt+Z
2026-09-11 18:28:32  手动切换输出设备：切换失败：目标设备「耳机 (Realtek(R) Audio)」不可用或未找到
2026-09-11 18:35:17  程序启动。耳机=耳机 (Realtek(R) Audio)，扬声器=扬声器 (Realtek(R) Audio)，轮询间隔=2000ms，进程=VALORANT-Win64-Shipping.exe;VALORANT.exe;UAGame.exe;ABInfinite-Win64-Shipping.exe;ABInfinite.exe，快捷键=Ctrl+Alt+Z
2026-09-11 18:35:17  快捷键已注册：Ctrl+Alt+Z
2026-09-11 18:37:51  程序启动。耳机=耳机 (Realtek(R) Audio)，扬声器=扬声器 (Realtek(R) Audio)，轮询间隔=2000ms，进程=VALORANT-Win64-Shipping.exe;VALORANT.exe;UAGame.exe;ABInfinite-Win64-Shipping.exe;ABInfinite.exe，快捷键=Ctrl+Alt+Z
2026-09-11 18:37:51  快捷键已注册：Ctrl+Alt+Z
2026-09-11 18:56:08  程序启动。耳机=耳机 (Realtek(R) Audio)，扬声器=扬声器 (Realtek(R) Audio)，轮询间隔=2000ms，进程=VALORANT-Win64-Shipping.exe;VALORANT.exe;UAGame.exe;ABInfinite-Win64-Shipping.exe;ABInfinite.exe，快捷键=Ctrl+Alt+Z
2026-09-11 18:56:08  快捷键已注册：Ctrl+Alt+Z
2026-09-11 18:56:11  快捷键切换输出设备：已切换输出设备到「耳机 (Realtek(R) Audio)」
2026-09-11 18:56:12  快捷键切换输出设备：已切换输出设备到「扬声器 (Realtek(R) Audio)」
2026-09-11 18:59:29  检测到游戏启动，已切换输出到「耳机 (Realtek(R) Audio)」
2026-09-11 19:53:20  游戏已关闭，已恢复输出到「扬声器 (Realtek(R) Audio)」
2026-09-11 19:53:24  检测到游戏启动，已切换输出到「耳机 (Realtek(R) Audio)」
2026-09-11 21:00:03  游戏已关闭，已恢复输出到「扬声器 (Realtek(R) Audio)」
2026-09-11 22:00:33  快捷键切换输出设备：已切换输出设备到「耳机 (Realtek(R) Audio)」
2026-09-11 22:37:49  快捷键切换输出设备：已切换输出设备到「扬声器 (Realtek(R) Audio)」
2026-09-12 10:52:57  程序启动。耳机=耳机 (Realtek(R) Audio)，扬声器=扬声器 (Realtek(R) Audio)，轮询间隔=2000ms，进程=VALORANT-Win64-Shipping.exe;VALORANT.exe;UAGame.exe;ABInfinite-Win64-Shipping.exe;ABInfinite.exe，快捷键=Ctrl+Alt+Z
2026-09-12 10:52:57  快捷键已注册：Ctrl+Alt+Z
2026-09-12 12:40:13  检测到游戏启动，已切换输出到「耳机 (Realtek(R) Audio)」
2026-09-12 16:59:23  游戏已关闭，已恢复输出到「扬声器 (Realtek(R) Audio)」
2026-09-12 17:20:03  快捷键切换输出设备：已切换输出设备到「耳机 (Realtek(R) Audio)」
2026-09-12 17:44:54  快捷键切换输出设备：已切换输出设备到「扬声器 (Realtek(R) Audio)」
2026-09-12 17:55:43  快捷键切换输出设备：已切换输出设备到「耳机 (Realtek(R) Audio)」
2026-09-12 18:34:47  快捷键切换输出设备：已切换输出设备到「扬声器 (Realtek(R) Audio)」
2026-09-12 18:36:59  程序退出。
2026-09-12 19:43:48  程序启动。耳机=耳机 (Realtek(R) Audio)，扬声器=扬声器 (Realtek(R) Audio)，轮询间隔=2000ms，进程=VALORANT-Win64-Shipping.exe;VALORANT.exe;UAGame.exe;ABInfinite-Win64-Shipping.exe;ABInfinite.exe，快捷键=Ctrl+Alt+Z
2026-09-12 19:43:48  快捷键已注册：Ctrl+Alt+Z
2026-09-12 19:44:30  检测到游戏启动，当前输出已是「耳机 (Realtek(R) Audio)」
2026-09-12 19:46:27  游戏已关闭，已恢复输出到「扬声器 (Realtek(R) Audio)」
2026-09-12 19:46:57  检测到游戏启动，已切换输出到「耳机 (Realtek(R) Audio)」
2026-09-12 22:05:58  游戏已关闭，已恢复输出到「扬声器 (Realtek(R) Audio)」
2026-09-12 22:08:22  快捷键切换输出设备：已切换输出设备到「耳机 (Realtek(R) Audio)」
2026-09-12 22:53:06  快捷键切换输出设备：已切换输出设备到「扬声器 (Realtek(R) Audio)」
2026-09-13 12:52:35  程序启动。耳机=耳机 (Realtek(R) Audio)，扬声器=扬声器 (Realtek(R) Audio)，轮询间隔=2000ms，进程=VALORANT-Win64-Shipping.exe;VALORANT.exe;UAGame.exe;ABInfinite-Win64-Shipping.exe;ABInfinite.exe，快捷键=Ctrl+Alt+Z
2026-09-13 12:52:35  快捷键已注册：Ctrl+Alt+Z
2026-09-13 14:11:47  检测到游戏启动，已切换输出到「耳机 (Realtek(R) Audio)」
2026-09-13 17:03:56  游戏已关闭，已恢复输出到「扬声器 (Realtek(R) Audio)」
2026-09-13 18:31:24  检测到游戏启动，已切换输出到「耳机 (Realtek(R) Audio)」
2026-09-13 18:32:26  游戏已关闭，已恢复输出到「扬声器 (Realtek(R) Audio)」
2026-09-13 18:32:56  检测到游戏启动，已切换输出到「耳机 (Realtek(R) Audio)」
2026-09-13 20:56:07  游戏已关闭，已恢复输出到「扬声器 (Realtek(R) Audio)」
2026-09-14 12:46:24  程序启动。耳机=耳机 (Realtek(R) Audio)，扬声器=扬声器 (Realtek(R) Audio)，轮询间隔=2000ms，进程=VALORANT-Win64-Shipping.exe;VALORANT.exe;UAGame.exe;ABInfinite-Win64-Shipping.exe;ABInfinite.exe，快捷键=Ctrl+Alt+Z
2026-09-14 12:46:24  快捷键已注册：Ctrl+Alt+Z
2026-09-14 16:19:28  检测到游戏启动，已切换输出到「耳机 (Realtek(R) Audio)」
2026-09-14 18:00:53  游戏已关闭，已恢复输出到「扬声器 (Realtek(R) Audio)」
2026-09-14 19:10:34  快捷键切换输出设备：已切换输出设备到「耳机 (Realtek(R) Audio)」
2026-09-14 19:14:58  检测到游戏启动，当前输出已是「耳机 (Realtek(R) Audio)」
2026-09-14 23:07:27  游戏已关闭，已恢复输出到「扬声器 (Realtek(R) Audio)」
2026-09-15 12:51:03  程序启动。耳机=耳机 (Realtek(R) Audio)，扬声器=扬声器 (Realtek(R) Audio)，轮询间隔=2000ms，进程=VALORANT-Win64-Shipping.exe;VALORANT.exe;UAGame.exe;ABInfinite-Win64-Shipping.exe;ABInfinite.exe，快捷键=Ctrl+Alt+Z
2026-09-15 12:51:04  快捷键已注册：Ctrl+Alt+Z
2026-09-15 15:50:04  检测到游戏启动，已切换输出到「耳机 (Realtek(R) Audio)」
2026-09-15 15:50:40  游戏已关闭，已恢复输出到「扬声器 (Realtek(R) Audio)」
2026-09-15 15:51:38  检测到游戏启动，已切换输出到「耳机 (Realtek(R) Audio)」
2026-09-15 16:01:26  游戏已关闭，已恢复输出到「扬声器 (Realtek(R) Audio)」
2026-09-15 16:30:19  程序退出。
2026-09-15 17:19:09  程序启动。耳机=耳机 (Realtek(R) Audio)，扬声器=扬声器 (Realtek(R) Audio)，轮询间隔=2000ms，进程=VALORANT-Win64-Shipping.exe;VALORANT.exe;UAGame.exe;ABInfinite-Win64-Shipping.exe;ABInfinite.exe，快捷键=Ctrl+Alt+Z
2026-09-15 17:19:09  托盘图标已加载，来源：嵌入资源 AppIcon.ico（16px）
2026-09-15 17:19:09  快捷键已注册：Ctrl+Alt+Z
2026-09-15 17:19:10  设备配置自检通过：耳机「耳机 (Realtek(R) Audio)」/ 扬声器「扬声器 (Realtek(R) Audio)」均可用。
2026-09-15 17:19:30  扫描音频输出设备：耳机 耳机 (Realtek(R) Audio) → 耳机 (2- Realtek(R) Audio)；扬声器 扬声器 (Realtek(R) Audio) → 扬声器 (2- Realtek(R) Audio)
2026-09-15 17:19:37  快捷键切换输出设备：已切换输出设备到「耳机 (2- Realtek(R) Audio)」
2026-09-15 17:19:37  快捷键切换输出设备：已切换输出设备到「扬声器 (2- Realtek(R) Audio)」
2026-09-15 17:59:07  程序启动。耳机=耳机 (2- Realtek(R) Audio)，扬声器=扬声器 (2- Realtek(R) Audio)，轮询间隔=2000ms，进程=VALORANT-Win64-Shipping.exe;VALORANT.exe;UAGame.exe;ABInfinite-Win64-Shipping.exe;ABInfinite.exe，快捷键=Ctrl+Alt+Z
2026-09-15 17:59:07  托盘图标已加载，来源：嵌入资源 AppIcon.ico（16px）
2026-09-15 17:59:07  快捷键已注册：Ctrl+Alt+Z
2026-09-15 17:59:08  设备配置自检通过：耳机「耳机 (2- Realtek(R) Audio)」/ 扬声器「扬声器 (2- Realtek(R) Audio)」均可用。
2026-09-15 18:07:20  快捷键切换输出设备：已切换输出设备到「耳机 (2- Realtek(R) Audio)」
2026-09-15 18:07:20  快捷键切换输出设备：已切换输出设备到「扬声器 (2- Realtek(R) Audio)」
